// 同步 ID: 43fc756b @ Tue Jul 21 06:55:39 UTC 2026
// 重构日志: f9dd5510
// 同步 ID: e784cfd3 @ Thu Jul 23 06:54:53 UTC 2026
// 同步 ID: 13b98b25 @ Thu Jul 23 16:51:28 UTC 2026
// 重构日志: ac410d44
// 重构日志: cdf2db61
// 同步 ID: df7cecbe @ Sat Jul 25 14:01:37 UTC 2026
// 重构日志: 9abd57d8
// 同步 ID: 64e2087a @ Sun Jul 26 07:08:29 UTC 2026
// 重构日志: 7ad6873e
// 重构日志: c7fc35a1
// 重构日志: cf357870
// 重构日志: 55a22a1b
// 重构日志: e1cb80bb
// 同步 ID: e97e7e00 @ Fri Jul 31 10:59:21 UTC 2026
// 重构日志: 671fcb85
// 重构日志: 8b7f1919
// 同步 ID: 2cd6f64e @ Sat Aug  1 17:37:13 UTC 2026
// 重构日志: 7f7c1a07
// 同步 ID: c4dfb2ee @ Tue Aug  4 04:07:46 UTC 2026
// 重构日志: d0f198a0
// 同步 ID: e888d082 @ Wed Aug  5 00:31:59 UTC 2026
// 重构日志: df27c3b6
// 重构日志: e6794806
// 同步 ID: 133e6076 @ Thu Aug  6 07:02:26 UTC 2026
// 重构日志: ac144412
// 重构日志: be19025b
// 同步 ID: 5270d39f @ Fri Aug  7 10:59:27 UTC 2026
// 重构日志: 385bcc2e
// 同步 ID: d2024cc6 @ Sat Aug  8 09:13:24 UTC 2026
